PEX GROUND LAYER nxwell psub DNW psub_term coll1 cnbase1
PEX MAP substrate                      nxwell
PEX MAP substrate                      psub
PEX MAP substrate                      DNW
PEX MAP substrate                      psub_term
PEX MAP substrate                      coll1
PEX MAP substrate                      cnbase1
PEX MAP Cu_RDL                         Cu_RDL
PEX MAP M0                             M0_A(1)
PEX MAP M0                             M0_B(2)
PEX MAP M10                            M10
PEX MAP M11                            M11
PEX MAP M12                            M12
PEX MAP M13                            M13
PEX MAP M14                            M14
PEX MAP M15                            M15
PEX MAP M16                            M16
PEX MAP M17                            M17
PEX MAP M18                            M18
PEX MAP M1                             M1_A(1)
PEX MAP M1                             M1_B(2)
PEX MAP M2                             M2_A(1)
PEX MAP M2                             M2_B(2)
PEX MAP M3                             M3
PEX MAP M4                             M4
PEX MAP M5                             M5_A(1)
PEX MAP M5                             M5_B(2)
PEX MAP M6                             M6
PEX MAP M7                             M7
PEX MAP M8                             M8
PEX MAP M9                             M9
PEX MAP MD_OD_N                        MD_OD_N
PEX MAP MD_OD_N_SRM                    MD_OD_N_SRM
PEX MAP MD_OD_P                        MD_OD_P
PEX MAP MD_OD_P_SRM                    MD_OD_P_SRM
PEX MAP MD_STI                         MD_STI
PEX MAP MD_STI_SRM                     MD_STI_SRM
PEX MAP MP                             MP
// PEX MAP RH_TN_7                        RH_TN_7
PEX MAP M7 RH_TN_7
// PEX IGNORE RESISTANCE RH_TN_7
PEX MAP VD2                            VD2
PEX MAP M0                             mom0m1_a(1)
PEX MAP M0                             mom0m1_b(2)
PEX MAP M0                             mom0m2_a(1)
PEX MAP M0                             mom0m2_b(2)
PEX MAP M0                             mom0minus_b(2)
PEX MAP M0                             mom0p1_a(1)
PEX MAP M0                             mom0p1_b(2)
PEX MAP M0                             mom0p2_a(1)
PEX MAP M0                             mom0p2_b(2)
PEX MAP M0                             mom0plus_a(1)
PEX MAP M10                            mom10_ary_minus
PEX MAP M10                            mom10_ary_plus
PEX MAP M10                            mom10m1
PEX MAP M10                            mom10m2
PEX MAP M10                            mom10minus
PEX MAP M10                            mom10p1
PEX MAP M10                            mom10p2
PEX MAP M10                            mom10plus
PEX MAP M11                            mom11_ary_minus
PEX MAP M11                            mom11_ary_plus
PEX MAP M11                            mom11m1
PEX MAP M11                            mom11m2
PEX MAP M11                            mom11minus
PEX MAP M11                            mom11p1
PEX MAP M11                            mom11p2
PEX MAP M11                            mom11plus
PEX MAP M12                            mom12_ary_minus
PEX MAP M12                            mom12_ary_plus
PEX MAP M12                            mom12m1
PEX MAP M12                            mom12m2
PEX MAP M12                            mom12minus
PEX MAP M12                            mom12p1
PEX MAP M12                            mom12p2
PEX MAP M12                            mom12plus
PEX MAP M13                            mom13m1
PEX MAP M13                            mom13m2
PEX MAP M13                            mom13minus
PEX MAP M13                            mom13p1
PEX MAP M13                            mom13p2
PEX MAP M13                            mom13plus
PEX MAP M14                            mom14m1
PEX MAP M14                            mom14m2
PEX MAP M14                            mom14minus
PEX MAP M14                            mom14p1
PEX MAP M14                            mom14p2
PEX MAP M14                            mom14plus
PEX MAP M1                             mom1m1_a(1)
PEX MAP M1                             mom1m1_b(2)
PEX MAP M1                             mom1m2_a(1)
PEX MAP M1                             mom1m2_b(2)
PEX MAP M1                             mom1minus_b(2)
PEX MAP M1                             mom1p1_a(1)
PEX MAP M1                             mom1p1_b(2)
PEX MAP M1                             mom1p2_a(1)
PEX MAP M1                             mom1p2_b(2)
PEX MAP M1                             mom1plus_a(1)
PEX MAP M2                             mom2_ary_minus_b(2)
PEX MAP M2                             mom2_ary_plus_a(1)
PEX MAP M2                             mom2m1_a(1)
PEX MAP M2                             mom2m1_b(2)
PEX MAP M2                             mom2m2_a(1)
PEX MAP M2                             mom2m2_b(2)
PEX MAP M2                             mom2minus_b(2)
PEX MAP M2                             mom2p1_a(1)
PEX MAP M2                             mom2p1_b(2)
PEX MAP M2                             mom2p2_a(1)
PEX MAP M2                             mom2p2_b(2)
PEX MAP M2                             mom2plus_a(1)
PEX MAP M3                             mom3_ary_minus
PEX MAP M3                             mom3_ary_plus
PEX MAP M3                             mom3m1
PEX MAP M3                             mom3m2
PEX MAP M3                             mom3minus
PEX MAP M3                             mom3p1
PEX MAP M3                             mom3p2
PEX MAP M3                             mom3plus
PEX MAP M4                             mom4_ary_minus
PEX MAP M4                             mom4_ary_plus
PEX MAP M4                             mom4m1
PEX MAP M4                             mom4m2
PEX MAP M4                             mom4minus
PEX MAP M4                             mom4p1
PEX MAP M4                             mom4p2
PEX MAP M4                             mom4plus
PEX MAP M5                             mom5_ary_minus_b(2)
PEX MAP M5                             mom5_ary_plus_a(1)
PEX MAP M5                             mom5m1_a(1)
PEX MAP M5                             mom5m1_b(2)
PEX MAP M5                             mom5m2_a(1)
PEX MAP M5                             mom5m2_b(2)
PEX MAP M5                             mom5minus_b(2)
PEX MAP M5                             mom5p1_a(1)
PEX MAP M5                             mom5p1_b(2)
PEX MAP M5                             mom5p2_a(1)
PEX MAP M5                             mom5p2_b(2)
PEX MAP M5                             mom5plus_a(1)
PEX MAP M6                             mom6_ary_minus
PEX MAP M6                             mom6_ary_plus
PEX MAP M6                             mom6m1
PEX MAP M6                             mom6m2
PEX MAP M6                             mom6minus
PEX MAP M6                             mom6p1
PEX MAP M6                             mom6p2
PEX MAP M6                             mom6plus
PEX MAP M7                             mom7_ary_minus
PEX MAP M7                             mom7_ary_plus
PEX MAP M7                             mom7m1
PEX MAP M7                             mom7m2
PEX MAP M7                             mom7minus
PEX MAP M7                             mom7p1
PEX MAP M7                             mom7p2
PEX MAP M7                             mom7plus
PEX MAP M8                             mom8_ary_minus
PEX MAP M8                             mom8_ary_plus
PEX MAP M8                             mom8m1
PEX MAP M8                             mom8m2
PEX MAP M8                             mom8minus
PEX MAP M8                             mom8p1
PEX MAP M8                             mom8p2
PEX MAP M8                             mom8plus
PEX MAP M9                             mom9_ary_minus
PEX MAP M9                             mom9_ary_plus
PEX MAP M9                             mom9m1
PEX MAP M9                             mom9m2
PEX MAP M9                             mom9minus
PEX MAP M9                             mom9p1
PEX MAP M9                             mom9p2
PEX MAP M9                             mom9plus
PEX MAP M0                             mt0res_a(1)
PEX MAP M0                             mt0res_b(2)
PEX MAP M10                            mt10res_noab
PEX MAP M11                            mt11res_noab
PEX MAP M12                            mt12res_noab
PEX MAP M13                            mt13res_noab
PEX MAP M14                            mt14res_noab
PEX MAP M15                            mt15res_noab
PEX MAP M16                            mt16res_noab
PEX MAP M17                            mt17res_noab
PEX MAP M18                            mt18res_noab
PEX MAP M1                             mt1res_a(1)
PEX MAP M1                             mt1res_b(2)
PEX MAP M2                             mt2res_a(1)
PEX MAP M2                             mt2res_b(2)
PEX MAP M3                             mt3res_noab
PEX MAP M4                             mt4res_noab
PEX MAP M5                             mt5res_a(1)
PEX MAP M5                             mt5res_b(2)
PEX MAP M6                             mt6res_noab
PEX MAP M7                             mt7res_noab
PEX MAP M8                             mt8res_noab
PEX MAP M9                             mt9res_noab
PEX MAP Cu_RDL                         mtCures
PEX MAP n_fpoly_ulvt                   n_fpoly_elvt
PEX MAP n_fpoly_io                     n_fpoly_io
PEX MAP n_fpoly_lvt                    n_fpoly_lvt
PEX MAP n_fpoly_lvt                    n_fpoly_lvtll
PEX MAP n_fpoly_srm                    n_fpoly_srm
PEX MAP n_fpoly_svt                    n_fpoly_svt
PEX MAP n_fpoly_ulvt                   n_fpoly_ulvt
PEX MAP n_fpoly_ulvt                   n_fpoly_ulvtll
PEX MAP n_gpoly_io                     n_gpoly_io
PEX MAP n_gpoly_io                     n_gpoly_nocg_io
PEX MAP n_pode_io                      n_pode_io
PEX MAP n_gpoly_io                     nch_12_mac_gate
PEX MAP n_gpoly_io                     nch_12_mac_gate_dnw
PEX MAP n_gpoly_io                     nch_mpode12_mac_gate
PEX MAP n_gpoly_io                     ngate_hia12_mac
PEX MAP n_pode_io                      npode_12_mac_gate
PEX MAP p_fpoly_ulvt                   p_fpoly_elvt
PEX MAP p_fpoly_io                     p_fpoly_io
PEX MAP p_fpoly_lvt                    p_fpoly_lvt
PEX MAP p_fpoly_lvt                    p_fpoly_lvtll
PEX MAP p_fpoly_srm                    p_fpoly_srm
PEX MAP p_fpoly_svt                    p_fpoly_svt
PEX MAP p_fpoly_ulvt                   p_fpoly_ulvt
PEX MAP p_fpoly_ulvt                   p_fpoly_ulvtll
PEX MAP p_gpoly_io                     p_gpoly_io
PEX MAP p_gpoly_io                     p_gpoly_nocg_io
PEX MAP p_pode_io                      p_pode_io
PEX MAP p_gpoly_io                     pch_12_mac_gate
PEX MAP p_gpoly_io                     pch_mpode12_mac_gate
PEX MAP p_pode_io                      ppode_12_mac_gate
PEX MAP RH_TN_7                        rhim_r7
PEX MAP tndiff                         tiod
PEX MAP tndiff                         tndiff
// PEX IGNORE RESISTANCE tndiff
PEX MAP tndiff                         tndiff_RC
PEX MAP tndiff                         tndiff_bjt
// PEX IGNORE RESISTANCE tndiff_bjt
PEX MAP tndiff                         tndiff_dio
// PEX IGNORE RESISTANCE tndiff_dio
PEX MAP tndiff                         tndiff_sdi
// PEX IGNORE RESISTANCE tndiff_sdi
PEX MAP tpdiff                         tpdiff
// PEX IGNORE RESISTANCE tpdiff
PEX MAP tpdiff                         tpdiff_RC
PEX MAP tpdiff                         tpdiff_bjt
// PEX IGNORE RESISTANCE tpdiff_bjt
PEX MAP tpdiff                         tpdiff_dio
// PEX IGNORE RESISTANCE tpdiff_dio
PEX MAP n_gpoly_io                     vargt_12
// PEX IGNORE CAPACITANCE INTRINSIC ALL n_gpoly_nocg_io
// PEX IGNORE CAPACITANCE INTRINSIC ALL n_gpoly_nocg_lvt
// PEX IGNORE CAPACITANCE INTRINSIC ALL p_gpoly_nocg_io
// PEX IGNORE CAPACITANCE INTRINSIC ALL p_gpoly_nocg_lvt
// PEX IGNORE CAPACITANCE INTRINSIC ALL tndiff_dio
// PEX IGNORE CAPACITANCE INTRINSIC ALL tpdiff_bjt
// PEX IGNORE CAPACITANCE INTRINSIC ALL tpdiff_dio
// PEX IGNORE CAPACITANCE INTRINSIC ALL vargt
// PEX IGNORE CAPACITANCE INTRINSIC ALL vargt_12
// PEX IGNORE RESISTANCE VIA MD_OD_N tndiff_bjt
// PEX IGNORE RESISTANCE VIA MD_OD_P tpdiff_bjt
PEX REPLACE M0_A M0_A_SRM01
PEX MAP M0_SRM01 M0_A_SRM01(1)
PEX REPLACE M0_A M0_A_SRM02
PEX MAP M0_SRM02 M0_A_SRM02(1)
PEX REPLACE M0_A M0_A_SRM03
PEX MAP M0_SRM03 M0_A_SRM03(1)
PEX REPLACE M0_B M0_B_SRM01
PEX MAP M0_SRM01 M0_B_SRM01(2)
PEX REPLACE M0_B M0_B_SRM02
PEX MAP M0_SRM02 M0_B_SRM02(2)
PEX REPLACE M0_B M0_B_SRM03
PEX MAP M0_SRM03 M0_B_SRM03(2)
PEX REPLACE M1_A M1_A_SRM01
PEX MAP M1_SRM01 M1_A_SRM01(1)
PEX REPLACE M1_A M1_A_SRM02
PEX MAP M1_SRM02 M1_A_SRM02(1)
PEX REPLACE M1_A M1_A_SRM03
PEX MAP M1_SRM03 M1_A_SRM03(1)
PEX REPLACE M1_B M1_B_SRM01
PEX MAP M1_SRM01 M1_B_SRM01(2)
PEX REPLACE M1_B M1_B_SRM02
PEX MAP M1_SRM02 M1_B_SRM02(2)
PEX REPLACE M1_B M1_B_SRM03
PEX MAP M1_SRM03 M1_B_SRM03(2)
PEX REPLACE M3 M3_SRM01
PEX MAP M3_SRM01 M3_SRM01
PEX REPLACE M3 M3_SRM02
PEX MAP M3_SRM02 M3_SRM02
PEX REPLACE VD2_MD_TAP VD2_MD_TAP_FB11
PEX MAP VD2_MD_TAP_FB11 VD2_MD_TAP_FB11
PEX REPLACE VD2_MD_TAP VD2_MD_TAP_FB16
PEX MAP VD2_MD_TAP_FB16 VD2_MD_TAP_FB16
PEX REPLACE VD2_MD_TAP VD2_MD_TAP_FB18
PEX MAP VD2_MD_TAP_FB18 VD2_MD_TAP_FB18
PEX REPLACE VD2_MD_TAP VD2_MD_TAP_FB6P45
PEX MAP VD2_MD_TAP_FB6P45 VD2_MD_TAP_FB6P45
PEX REPLACE VD2_MD_TAP VD2_MD_TAP_FB8P45
PEX MAP VD2_MD_TAP_FB8P45 VD2_MD_TAP_FB8P45
PEX REPLACE VD2_MD_TAP VD2_MD_TAP_P51
PEX MAP VD2_MD_TAP_P51 VD2_MD_TAP_P51
PEX REPLACE VD2_MD_TAP VD2_MD_TAP_mkr
PEX MAP VD2_MD_TAP VD2_MD_TAP_mkr
PEX REPLACE VD VD_SRM
PEX MAP VD_SRM VD_SRM
PEX REPLACE VD VD_mkr
PEX MAP VD VD_mkr
PEX MARKER mkr_cfi_n_srm_mp CF
PEX MAP n_gpoly_srm_mp ngate_pg_8tsr_mac(mkr_cfi_n_srm_mp)
PEX MAP n_gpoly_srm_mp ngate_pd_8tsr_mac(mkr_cfi_n_srm_mp)
PEX MAP n_gpoly_srm_mp ngate_pg_8trpsr_mac(mkr_cfi_n_srm_mp)
PEX MAP n_gpoly_srm_mp ngate_pd_8trpsr_mac(mkr_cfi_n_srm_mp)
PEX MAP n_gpoly_srm_mp ngate_pg_hc8tsr_mac(mkr_cfi_n_srm_mp)
PEX MAP n_gpoly_srm_mp ngate_pd_hc8tsr_mac(mkr_cfi_n_srm_mp)
PEX MAP n_gpoly_srm_mp ngate_pg_hc8trpsr_mac(mkr_cfi_n_srm_mp)
PEX MAP n_gpoly_srm_mp ngate_pd_hc8trpsr_mac(mkr_cfi_n_srm_mp)
PEX MAP n_gpoly_srm_mp ngate_pg_10tsr_mac(mkr_cfi_n_srm_mp)
PEX MAP n_gpoly_srm_mp ngate_pd_10tsr_mac(mkr_cfi_n_srm_mp)
PEX MAP n_gpoly_srm_mp ngate_pg_10trpsr_mac(mkr_cfi_n_srm_mp)
PEX MAP n_gpoly_srm_mp ngate_pd_10trpsr_mac(mkr_cfi_n_srm_mp)
PEX MAP n_gpoly_srm_mp ngate_pg_dpsr_mac(mkr_cfi_n_srm_mp)
PEX MAP n_gpoly_srm_mp ngate_pd_dpsr_mac(mkr_cfi_n_srm_mp)
PEX MAP n_gpoly_srm_mp n_gpoly_srm(mkr_cfi_n_srm_mp)
PEX MAP n_gpoly_srm_mp ngate_pd_ulvtll10trpsr_mac(mkr_cfi_n_srm_mp)
PEX MAP n_gpoly_srm_mp ngate_pd_ulvtll10tsr_mac(mkr_cfi_n_srm_mp)
PEX MAP n_gpoly_srm_mp ngate_pd_ulvtll8trpsr_mac(mkr_cfi_n_srm_mp)
PEX MAP n_gpoly_srm_mp ngate_pd_ulvtll8tsr_mac(mkr_cfi_n_srm_mp)
PEX MAP n_gpoly_srm_mp ngate_pd_ulvtllhc8trpsr_mac(mkr_cfi_n_srm_mp)
PEX MAP n_gpoly_srm_mp ngate_pd_ulvtllhc8tsr_mac(mkr_cfi_n_srm_mp)
PEX MAP n_gpoly_srm_mp ngate_pg_ulvtll10trpsr_mac(mkr_cfi_n_srm_mp)
PEX MAP n_gpoly_srm_mp ngate_pg_ulvtll10tsr_mac(mkr_cfi_n_srm_mp)
PEX MAP n_gpoly_srm_mp ngate_pg_ulvtll8trpsr_mac(mkr_cfi_n_srm_mp)
PEX MAP n_gpoly_srm_mp ngate_pg_ulvtll8tsr_mac(mkr_cfi_n_srm_mp)
PEX MAP n_gpoly_srm_mp ngate_pg_ulvtllhc8trpsr_mac(mkr_cfi_n_srm_mp)
PEX MAP n_gpoly_srm_mp ngate_pg_ulvtllhc8tsr_mac(mkr_cfi_n_srm_mp)
PEX MARKER mkr_cfi_n_srm_sp CF
PEX MAP n_gpoly_srm ngate_pg_hdsr_mac(mkr_cfi_n_srm_sp)
PEX MAP n_gpoly_srm ngate_pd_hdsr_mac(mkr_cfi_n_srm_sp)
PEX MAP n_gpoly_srm ngate_pg_hcsr_mac(mkr_cfi_n_srm_sp)
PEX MAP n_gpoly_srm ngate_pd_hcsr_mac(mkr_cfi_n_srm_sp)
PEX MAP n_gpoly_srm ngate_pg_hshcsr_mac(mkr_cfi_n_srm_sp)
PEX MAP n_gpoly_srm ngate_pd_hshcsr_mac(mkr_cfi_n_srm_sp)
PEX MAP n_gpoly_srm n_gpoly_srm(mkr_cfi_n_srm_sp)
PEX MARKER mkr_cfi_ncore_fb8b_fb9b CF
PEX MAP n_gpoly_svt_fb8b_fb9b n_gpoly_svt(mkr_cfi_ncore_fb8b_fb9b)
PEX MAP n_gpoly_svt_fb8b_fb9b nch_svt_mac_gate(mkr_cfi_ncore_fb8b_fb9b)
PEX MAP n_gpoly_svt_fb8b_fb9b nch_svt_mac_gate_dnw(mkr_cfi_ncore_fb8b_fb9b)
PEX MAP n_gpoly_svt_fb8b_fb9b nch_mpodesvt_mac_gate(mkr_cfi_ncore_fb8b_fb9b)
PEX MAP n_pode_svt_fb8b_fb9b n_pode_svt(mkr_cfi_ncore_fb8b_fb9b)
PEX MAP n_pode_svt_fb8b_fb9b npode_svt_mac_gate(mkr_cfi_ncore_fb8b_fb9b)
PEX MAP n_gpoly_lvt_fb8b_fb9b n_gpoly_lvt(mkr_cfi_ncore_fb8b_fb9b)
PEX MAP n_gpoly_lvt_fb8b_fb9b nch_lvt_mac_gate(mkr_cfi_ncore_fb8b_fb9b)
PEX MAP n_gpoly_lvt_fb8b_fb9b nch_lvt_mac_gate_dnw(mkr_cfi_ncore_fb8b_fb9b)
PEX MAP n_gpoly_lvt_fb8b_fb9b nch_mpodelvt_mac_gate(mkr_cfi_ncore_fb8b_fb9b)
PEX MAP n_pode_lvt_fb8b_fb9b n_pode_lvt(mkr_cfi_ncore_fb8b_fb9b)
PEX MAP n_pode_lvt_fb8b_fb9b npode_lvt_mac_gate(mkr_cfi_ncore_fb8b_fb9b)
PEX MAP n_gpoly_lvt_fb8b_fb9b nch_eflvt_mac_gate(mkr_cfi_ncore_fb8b_fb9b)
PEX MAP n_gpoly_lvt_fb8b_fb9b nch_eflvt_mac_gate_dnw(mkr_cfi_ncore_fb8b_fb9b)
PEX MAP n_pode_lvt_fb8b_fb9b npode_eflvt_mac_gate(mkr_cfi_ncore_fb8b_fb9b)
PEX MAP n_gpoly_svt_fb8b_fb9b nch_efsvt_mac_gate(mkr_cfi_ncore_fb8b_fb9b)
PEX MAP n_gpoly_svt_fb8b_fb9b nch_efsvt_mac_gate_dnw(mkr_cfi_ncore_fb8b_fb9b)
PEX MAP n_pode_svt_fb8b_fb9b npode_efsvt_mac_gate(mkr_cfi_ncore_fb8b_fb9b)
PEX MAP n_gpoly_lvt_fb8b_fb9b n_gpoly_lvtll(mkr_cfi_ncore_fb8b_fb9b)
PEX MAP n_gpoly_lvt_fb8b_fb9b nch_lvtll_mac_gate(mkr_cfi_ncore_fb8b_fb9b)
PEX MAP n_gpoly_lvt_fb8b_fb9b nch_lvtll_mac_gate_dnw(mkr_cfi_ncore_fb8b_fb9b)
PEX MAP n_gpoly_lvt_fb8b_fb9b nch_mpodelvtll_mac_gate(mkr_cfi_ncore_fb8b_fb9b)
PEX MAP n_pode_lvt_fb8b_fb9b n_pode_lvtll(mkr_cfi_ncore_fb8b_fb9b)
PEX MAP n_pode_lvt_fb8b_fb9b npode_lvtll_mac_gate(mkr_cfi_ncore_fb8b_fb9b)
PEX MAP n_gpoly_ulvt_fb8b_fb9b n_gpoly_ulvt(mkr_cfi_ncore_fb8b_fb9b)
PEX MAP n_gpoly_ulvt_fb8b_fb9b nch_ulvt_mac_gate(mkr_cfi_ncore_fb8b_fb9b)
PEX MAP n_gpoly_ulvt_fb8b_fb9b nch_ulvt_mac_gate_dnw(mkr_cfi_ncore_fb8b_fb9b)
PEX MAP n_gpoly_ulvt_fb8b_fb9b nch_mpodeulvt_mac_gate(mkr_cfi_ncore_fb8b_fb9b)
PEX MAP n_pode_ulvt_fb8b_fb9b n_pode_ulvt(mkr_cfi_ncore_fb8b_fb9b)
PEX MAP n_pode_ulvt_fb8b_fb9b npode_ulvt_mac_gate(mkr_cfi_ncore_fb8b_fb9b)
PEX MAP n_gpoly_ulvt_fb8b_fb9b n_gpoly_ulvtll(mkr_cfi_ncore_fb8b_fb9b)
PEX MAP n_gpoly_ulvt_fb8b_fb9b nch_ulvtll_mac_gate(mkr_cfi_ncore_fb8b_fb9b)
PEX MAP n_gpoly_ulvt_fb8b_fb9b nch_ulvtll_mac_gate_dnw(mkr_cfi_ncore_fb8b_fb9b)
PEX MAP n_gpoly_ulvt_fb8b_fb9b nch_mpodeulvtll_mac_gate(mkr_cfi_ncore_fb8b_fb9b)
PEX MAP n_pode_ulvt_fb8b_fb9b n_pode_ulvtll(mkr_cfi_ncore_fb8b_fb9b)
PEX MAP n_pode_ulvt_fb8b_fb9b npode_ulvtll_mac_gate(mkr_cfi_ncore_fb8b_fb9b)
PEX MAP n_gpoly_ulvt_fb8b_fb9b n_gpoly_elvt(mkr_cfi_ncore_fb8b_fb9b)
PEX MAP n_gpoly_ulvt_fb8b_fb9b nch_elvt_mac_gate(mkr_cfi_ncore_fb8b_fb9b)
PEX MAP n_gpoly_ulvt_fb8b_fb9b nch_elvt_mac_gate_dnw(mkr_cfi_ncore_fb8b_fb9b)
PEX MAP n_gpoly_ulvt_fb8b_fb9b nch_mpodeelvt_mac_gate(mkr_cfi_ncore_fb8b_fb9b)
PEX MAP n_pode_ulvt_fb8b_fb9b n_pode_elvt(mkr_cfi_ncore_fb8b_fb9b)
PEX MAP n_pode_ulvt_fb8b_fb9b npode_elvt_mac_gate(mkr_cfi_ncore_fb8b_fb9b)
PEX MAP n_gpoly_ulvt_fb8b_fb9b vargt(mkr_cfi_ncore_fb8b_fb9b)
PEX MAP n_gpoly_lvt_fb8b_fb9b n_gpoly_nocg_lvt(mkr_cfi_ncore_fb8b_fb9b)
PEX MARKER mkr_cfi_ncore_fb8c CF
PEX MAP n_gpoly_svt_fb8c n_gpoly_svt(mkr_cfi_ncore_fb8c)
PEX MAP n_gpoly_svt_fb8c nch_svt_mac_gate(mkr_cfi_ncore_fb8c)
PEX MAP n_gpoly_svt_fb8c nch_svt_mac_gate_dnw(mkr_cfi_ncore_fb8c)
PEX MAP n_gpoly_svt_fb8c nch_mpodesvt_mac_gate(mkr_cfi_ncore_fb8c)
PEX MAP n_pode_svt_fb8c n_pode_svt(mkr_cfi_ncore_fb8c)
PEX MAP n_pode_svt_fb8c npode_svt_mac_gate(mkr_cfi_ncore_fb8c)
PEX MAP n_gpoly_lvt_fb8c n_gpoly_lvt(mkr_cfi_ncore_fb8c)
PEX MAP n_gpoly_lvt_fb8c nch_lvt_mac_gate(mkr_cfi_ncore_fb8c)
PEX MAP n_gpoly_lvt_fb8c nch_lvt_mac_gate_dnw(mkr_cfi_ncore_fb8c)
PEX MAP n_gpoly_lvt_fb8c nch_mpodelvt_mac_gate(mkr_cfi_ncore_fb8c)
PEX MAP n_pode_lvt_fb8c n_pode_lvt(mkr_cfi_ncore_fb8c)
PEX MAP n_pode_lvt_fb8c npode_lvt_mac_gate(mkr_cfi_ncore_fb8c)
PEX MAP n_gpoly_lvt_fb8c nch_eflvt_mac_gate(mkr_cfi_ncore_fb8c)
PEX MAP n_gpoly_lvt_fb8c nch_eflvt_mac_gate_dnw(mkr_cfi_ncore_fb8c)
PEX MAP n_pode_lvt_fb8c npode_eflvt_mac_gate(mkr_cfi_ncore_fb8c)
PEX MAP n_gpoly_svt_fb8c nch_efsvt_mac_gate(mkr_cfi_ncore_fb8c)
PEX MAP n_gpoly_svt_fb8c nch_efsvt_mac_gate_dnw(mkr_cfi_ncore_fb8c)
PEX MAP n_pode_svt_fb8c npode_efsvt_mac_gate(mkr_cfi_ncore_fb8c)
PEX MAP n_gpoly_lvt_fb8c n_gpoly_lvtll(mkr_cfi_ncore_fb8c)
PEX MAP n_gpoly_lvt_fb8c nch_lvtll_mac_gate(mkr_cfi_ncore_fb8c)
PEX MAP n_gpoly_lvt_fb8c nch_lvtll_mac_gate_dnw(mkr_cfi_ncore_fb8c)
PEX MAP n_gpoly_lvt_fb8c nch_mpodelvtll_mac_gate(mkr_cfi_ncore_fb8c)
PEX MAP n_pode_lvt_fb8c n_pode_lvtll(mkr_cfi_ncore_fb8c)
PEX MAP n_pode_lvt_fb8c npode_lvtll_mac_gate(mkr_cfi_ncore_fb8c)
PEX MAP n_gpoly_ulvt_fb8c n_gpoly_ulvt(mkr_cfi_ncore_fb8c)
PEX MAP n_gpoly_ulvt_fb8c nch_ulvt_mac_gate(mkr_cfi_ncore_fb8c)
PEX MAP n_gpoly_ulvt_fb8c nch_ulvt_mac_gate_dnw(mkr_cfi_ncore_fb8c)
PEX MAP n_gpoly_ulvt_fb8c nch_mpodeulvt_mac_gate(mkr_cfi_ncore_fb8c)
PEX MAP n_pode_ulvt_fb8c n_pode_ulvt(mkr_cfi_ncore_fb8c)
PEX MAP n_pode_ulvt_fb8c npode_ulvt_mac_gate(mkr_cfi_ncore_fb8c)
PEX MAP n_gpoly_ulvt_fb8c n_gpoly_ulvtll(mkr_cfi_ncore_fb8c)
PEX MAP n_gpoly_ulvt_fb8c nch_ulvtll_mac_gate(mkr_cfi_ncore_fb8c)
PEX MAP n_gpoly_ulvt_fb8c nch_ulvtll_mac_gate_dnw(mkr_cfi_ncore_fb8c)
PEX MAP n_gpoly_ulvt_fb8c nch_mpodeulvtll_mac_gate(mkr_cfi_ncore_fb8c)
PEX MAP n_pode_ulvt_fb8c n_pode_ulvtll(mkr_cfi_ncore_fb8c)
PEX MAP n_pode_ulvt_fb8c npode_ulvtll_mac_gate(mkr_cfi_ncore_fb8c)
PEX MAP n_gpoly_ulvt_fb8c n_gpoly_elvt(mkr_cfi_ncore_fb8c)
PEX MAP n_gpoly_ulvt_fb8c nch_elvt_mac_gate(mkr_cfi_ncore_fb8c)
PEX MAP n_gpoly_ulvt_fb8c nch_elvt_mac_gate_dnw(mkr_cfi_ncore_fb8c)
PEX MAP n_gpoly_ulvt_fb8c nch_mpodeelvt_mac_gate(mkr_cfi_ncore_fb8c)
PEX MAP n_pode_ulvt_fb8c n_pode_elvt(mkr_cfi_ncore_fb8c)
PEX MAP n_pode_ulvt_fb8c npode_elvt_mac_gate(mkr_cfi_ncore_fb8c)
PEX MAP n_gpoly_ulvt_fb8c vargt(mkr_cfi_ncore_fb8c)
PEX MAP n_gpoly_lvt_fb8c n_gpoly_nocg_lvt(mkr_cfi_ncore_fb8c)
PEX MARKER mkr_cfi_ncore_fb9a CF
PEX MAP n_gpoly_svt_fb9a n_gpoly_svt(mkr_cfi_ncore_fb9a)
PEX MAP n_gpoly_svt_fb9a nch_svt_mac_gate(mkr_cfi_ncore_fb9a)
PEX MAP n_gpoly_svt_fb9a nch_svt_mac_gate_dnw(mkr_cfi_ncore_fb9a)
PEX MAP n_gpoly_svt_fb9a nch_mpodesvt_mac_gate(mkr_cfi_ncore_fb9a)
PEX MAP n_pode_svt_fb9a n_pode_svt(mkr_cfi_ncore_fb9a)
PEX MAP n_pode_svt_fb9a npode_svt_mac_gate(mkr_cfi_ncore_fb9a)
PEX MAP n_gpoly_lvt_fb9a n_gpoly_lvt(mkr_cfi_ncore_fb9a)
PEX MAP n_gpoly_lvt_fb9a nch_lvt_mac_gate(mkr_cfi_ncore_fb9a)
PEX MAP n_gpoly_lvt_fb9a nch_lvt_mac_gate_dnw(mkr_cfi_ncore_fb9a)
PEX MAP n_gpoly_lvt_fb9a nch_mpodelvt_mac_gate(mkr_cfi_ncore_fb9a)
PEX MAP n_pode_lvt_fb9a n_pode_lvt(mkr_cfi_ncore_fb9a)
PEX MAP n_pode_lvt_fb9a npode_lvt_mac_gate(mkr_cfi_ncore_fb9a)
PEX MAP n_gpoly_lvt_fb9a nch_eflvt_mac_gate(mkr_cfi_ncore_fb9a)
PEX MAP n_gpoly_lvt_fb9a nch_eflvt_mac_gate_dnw(mkr_cfi_ncore_fb9a)
PEX MAP n_pode_lvt_fb9a npode_eflvt_mac_gate(mkr_cfi_ncore_fb9a)
PEX MAP n_gpoly_svt_fb9a nch_efsvt_mac_gate(mkr_cfi_ncore_fb9a)
PEX MAP n_gpoly_svt_fb9a nch_efsvt_mac_gate_dnw(mkr_cfi_ncore_fb9a)
PEX MAP n_pode_svt_fb9a npode_efsvt_mac_gate(mkr_cfi_ncore_fb9a)
PEX MAP n_gpoly_lvt_fb9a n_gpoly_lvtll(mkr_cfi_ncore_fb9a)
PEX MAP n_gpoly_lvt_fb9a nch_lvtll_mac_gate(mkr_cfi_ncore_fb9a)
PEX MAP n_gpoly_lvt_fb9a nch_lvtll_mac_gate_dnw(mkr_cfi_ncore_fb9a)
PEX MAP n_gpoly_lvt_fb9a nch_mpodelvtll_mac_gate(mkr_cfi_ncore_fb9a)
PEX MAP n_pode_lvt_fb9a n_pode_lvtll(mkr_cfi_ncore_fb9a)
PEX MAP n_pode_lvt_fb9a npode_lvtll_mac_gate(mkr_cfi_ncore_fb9a)
PEX MAP n_gpoly_ulvt_fb9a n_gpoly_ulvt(mkr_cfi_ncore_fb9a)
PEX MAP n_gpoly_ulvt_fb9a nch_ulvt_mac_gate(mkr_cfi_ncore_fb9a)
PEX MAP n_gpoly_ulvt_fb9a nch_ulvt_mac_gate_dnw(mkr_cfi_ncore_fb9a)
PEX MAP n_gpoly_ulvt_fb9a nch_mpodeulvt_mac_gate(mkr_cfi_ncore_fb9a)
PEX MAP n_pode_ulvt_fb9a n_pode_ulvt(mkr_cfi_ncore_fb9a)
PEX MAP n_pode_ulvt_fb9a npode_ulvt_mac_gate(mkr_cfi_ncore_fb9a)
PEX MAP n_gpoly_ulvt_fb9a n_gpoly_ulvtll(mkr_cfi_ncore_fb9a)
PEX MAP n_gpoly_ulvt_fb9a nch_ulvtll_mac_gate(mkr_cfi_ncore_fb9a)
PEX MAP n_gpoly_ulvt_fb9a nch_ulvtll_mac_gate_dnw(mkr_cfi_ncore_fb9a)
PEX MAP n_gpoly_ulvt_fb9a nch_mpodeulvtll_mac_gate(mkr_cfi_ncore_fb9a)
PEX MAP n_pode_ulvt_fb9a n_pode_ulvtll(mkr_cfi_ncore_fb9a)
PEX MAP n_pode_ulvt_fb9a npode_ulvtll_mac_gate(mkr_cfi_ncore_fb9a)
PEX MAP n_gpoly_ulvt_fb9a n_gpoly_elvt(mkr_cfi_ncore_fb9a)
PEX MAP n_gpoly_ulvt_fb9a nch_elvt_mac_gate(mkr_cfi_ncore_fb9a)
PEX MAP n_gpoly_ulvt_fb9a nch_elvt_mac_gate_dnw(mkr_cfi_ncore_fb9a)
PEX MAP n_gpoly_ulvt_fb9a nch_mpodeelvt_mac_gate(mkr_cfi_ncore_fb9a)
PEX MAP n_pode_ulvt_fb9a n_pode_elvt(mkr_cfi_ncore_fb9a)
PEX MAP n_pode_ulvt_fb9a npode_elvt_mac_gate(mkr_cfi_ncore_fb9a)
PEX MAP n_gpoly_ulvt_fb9a vargt(mkr_cfi_ncore_fb9a)
PEX MAP n_gpoly_lvt_fb9a n_gpoly_nocg_lvt(mkr_cfi_ncore_fb9a)
PEX MARKER mkr_cfi_ncore_others CF
PEX MAP n_gpoly_svt n_gpoly_svt(mkr_cfi_ncore_others)
PEX MAP n_gpoly_svt nch_svt_mac_gate(mkr_cfi_ncore_others)
PEX MAP n_gpoly_svt nch_svt_mac_gate_dnw(mkr_cfi_ncore_others)
PEX MAP n_gpoly_svt nch_mpodesvt_mac_gate(mkr_cfi_ncore_others)
PEX MAP n_pode_svt n_pode_svt(mkr_cfi_ncore_others)
PEX MAP n_pode_svt npode_svt_mac_gate(mkr_cfi_ncore_others)
PEX MAP n_gpoly_lvt n_gpoly_lvt(mkr_cfi_ncore_others)
PEX MAP n_gpoly_lvt nch_lvt_mac_gate(mkr_cfi_ncore_others)
PEX MAP n_gpoly_lvt nch_lvt_mac_gate_dnw(mkr_cfi_ncore_others)
PEX MAP n_gpoly_lvt nch_mpodelvt_mac_gate(mkr_cfi_ncore_others)
PEX MAP n_pode_lvt n_pode_lvt(mkr_cfi_ncore_others)
PEX MAP n_pode_lvt npode_lvt_mac_gate(mkr_cfi_ncore_others)
PEX MAP n_gpoly_lvt nch_eflvt_mac_gate(mkr_cfi_ncore_others)
PEX MAP n_gpoly_lvt nch_eflvt_mac_gate_dnw(mkr_cfi_ncore_others)
PEX MAP n_pode_lvt npode_eflvt_mac_gate(mkr_cfi_ncore_others)
PEX MAP n_gpoly_svt nch_efsvt_mac_gate(mkr_cfi_ncore_others)
PEX MAP n_gpoly_svt nch_efsvt_mac_gate_dnw(mkr_cfi_ncore_others)
PEX MAP n_pode_svt npode_efsvt_mac_gate(mkr_cfi_ncore_others)
PEX MAP n_gpoly_lvt n_gpoly_lvtll(mkr_cfi_ncore_others)
PEX MAP n_gpoly_lvt nch_lvtll_mac_gate(mkr_cfi_ncore_others)
PEX MAP n_gpoly_lvt nch_lvtll_mac_gate_dnw(mkr_cfi_ncore_others)
PEX MAP n_gpoly_lvt nch_mpodelvtll_mac_gate(mkr_cfi_ncore_others)
PEX MAP n_pode_lvt n_pode_lvtll(mkr_cfi_ncore_others)
PEX MAP n_pode_lvt npode_lvtll_mac_gate(mkr_cfi_ncore_others)
PEX MAP n_gpoly_ulvt n_gpoly_ulvt(mkr_cfi_ncore_others)
PEX MAP n_gpoly_ulvt nch_ulvt_mac_gate(mkr_cfi_ncore_others)
PEX MAP n_gpoly_ulvt nch_ulvt_mac_gate_dnw(mkr_cfi_ncore_others)
PEX MAP n_gpoly_ulvt nch_mpodeulvt_mac_gate(mkr_cfi_ncore_others)
PEX MAP n_pode_ulvt n_pode_ulvt(mkr_cfi_ncore_others)
PEX MAP n_pode_ulvt npode_ulvt_mac_gate(mkr_cfi_ncore_others)
PEX MAP n_gpoly_ulvt n_gpoly_ulvtll(mkr_cfi_ncore_others)
PEX MAP n_gpoly_ulvt nch_ulvtll_mac_gate(mkr_cfi_ncore_others)
PEX MAP n_gpoly_ulvt nch_ulvtll_mac_gate_dnw(mkr_cfi_ncore_others)
PEX MAP n_gpoly_ulvt nch_mpodeulvtll_mac_gate(mkr_cfi_ncore_others)
PEX MAP n_pode_ulvt n_pode_ulvtll(mkr_cfi_ncore_others)
PEX MAP n_pode_ulvt npode_ulvtll_mac_gate(mkr_cfi_ncore_others)
PEX MAP n_gpoly_ulvt n_gpoly_elvt(mkr_cfi_ncore_others)
PEX MAP n_gpoly_ulvt nch_elvt_mac_gate(mkr_cfi_ncore_others)
PEX MAP n_gpoly_ulvt nch_elvt_mac_gate_dnw(mkr_cfi_ncore_others)
PEX MAP n_gpoly_ulvt nch_mpodeelvt_mac_gate(mkr_cfi_ncore_others)
PEX MAP n_pode_ulvt n_pode_elvt(mkr_cfi_ncore_others)
PEX MAP n_pode_ulvt npode_elvt_mac_gate(mkr_cfi_ncore_others)
PEX MAP n_gpoly_ulvt vargt(mkr_cfi_ncore_others)
PEX MAP n_gpoly_lvt n_gpoly_nocg_lvt(mkr_cfi_ncore_others)
PEX MARKER mkr_cfi_ncore_p51 CF
PEX MAP n_gpoly_svt_p51 n_gpoly_svt(mkr_cfi_ncore_p51)
PEX MAP n_gpoly_svt_p51 nch_svt_mac_gate(mkr_cfi_ncore_p51)
PEX MAP n_gpoly_svt_p51 nch_svt_mac_gate_dnw(mkr_cfi_ncore_p51)
PEX MAP n_gpoly_svt_p51 nch_mpodesvt_mac_gate(mkr_cfi_ncore_p51)
PEX MAP n_pode_svt_p51 n_pode_svt(mkr_cfi_ncore_p51)
PEX MAP n_pode_svt_p51 npode_svt_mac_gate(mkr_cfi_ncore_p51)
PEX MAP n_gpoly_lvt_p51 n_gpoly_lvt(mkr_cfi_ncore_p51)
PEX MAP n_gpoly_lvt_p51 nch_lvt_mac_gate(mkr_cfi_ncore_p51)
PEX MAP n_gpoly_lvt_p51 nch_lvt_mac_gate_dnw(mkr_cfi_ncore_p51)
PEX MAP n_gpoly_lvt_p51 nch_mpodelvt_mac_gate(mkr_cfi_ncore_p51)
PEX MAP n_pode_lvt_p51 n_pode_lvt(mkr_cfi_ncore_p51)
PEX MAP n_pode_lvt_p51 npode_lvt_mac_gate(mkr_cfi_ncore_p51)
PEX MAP n_gpoly_lvt_p51 nch_eflvt_mac_gate(mkr_cfi_ncore_p51)
PEX MAP n_gpoly_lvt_p51 nch_eflvt_mac_gate_dnw(mkr_cfi_ncore_p51)
PEX MAP n_pode_lvt_p51 npode_eflvt_mac_gate(mkr_cfi_ncore_p51)
PEX MAP n_gpoly_svt_p51 nch_efsvt_mac_gate(mkr_cfi_ncore_p51)
PEX MAP n_gpoly_svt_p51 nch_efsvt_mac_gate_dnw(mkr_cfi_ncore_p51)
PEX MAP n_pode_svt_p51 npode_efsvt_mac_gate(mkr_cfi_ncore_p51)
PEX MAP n_gpoly_lvt_p51 n_gpoly_lvtll(mkr_cfi_ncore_p51)
PEX MAP n_gpoly_lvt_p51 nch_lvtll_mac_gate(mkr_cfi_ncore_p51)
PEX MAP n_gpoly_lvt_p51 nch_lvtll_mac_gate_dnw(mkr_cfi_ncore_p51)
PEX MAP n_gpoly_lvt_p51 nch_mpodelvtll_mac_gate(mkr_cfi_ncore_p51)
PEX MAP n_pode_lvt_p51 n_pode_lvtll(mkr_cfi_ncore_p51)
PEX MAP n_pode_lvt_p51 npode_lvtll_mac_gate(mkr_cfi_ncore_p51)
PEX MAP n_gpoly_ulvt_p51 n_gpoly_ulvt(mkr_cfi_ncore_p51)
PEX MAP n_gpoly_ulvt_p51 nch_ulvt_mac_gate(mkr_cfi_ncore_p51)
PEX MAP n_gpoly_ulvt_p51 nch_ulvt_mac_gate_dnw(mkr_cfi_ncore_p51)
PEX MAP n_gpoly_ulvt_p51 nch_mpodeulvt_mac_gate(mkr_cfi_ncore_p51)
PEX MAP n_pode_ulvt_p51 n_pode_ulvt(mkr_cfi_ncore_p51)
PEX MAP n_pode_ulvt_p51 npode_ulvt_mac_gate(mkr_cfi_ncore_p51)
PEX MAP n_gpoly_ulvt_p51 n_gpoly_ulvtll(mkr_cfi_ncore_p51)
PEX MAP n_gpoly_ulvt_p51 nch_ulvtll_mac_gate(mkr_cfi_ncore_p51)
PEX MAP n_gpoly_ulvt_p51 nch_ulvtll_mac_gate_dnw(mkr_cfi_ncore_p51)
PEX MAP n_gpoly_ulvt_p51 nch_mpodeulvtll_mac_gate(mkr_cfi_ncore_p51)
PEX MAP n_pode_ulvt_p51 n_pode_ulvtll(mkr_cfi_ncore_p51)
PEX MAP n_pode_ulvt_p51 npode_ulvtll_mac_gate(mkr_cfi_ncore_p51)
PEX MAP n_gpoly_ulvt_p51 n_gpoly_elvt(mkr_cfi_ncore_p51)
PEX MAP n_gpoly_ulvt_p51 nch_elvt_mac_gate(mkr_cfi_ncore_p51)
PEX MAP n_gpoly_ulvt_p51 nch_elvt_mac_gate_dnw(mkr_cfi_ncore_p51)
PEX MAP n_gpoly_ulvt_p51 nch_mpodeelvt_mac_gate(mkr_cfi_ncore_p51)
PEX MAP n_pode_ulvt_p51 n_pode_elvt(mkr_cfi_ncore_p51)
PEX MAP n_pode_ulvt_p51 npode_elvt_mac_gate(mkr_cfi_ncore_p51)
PEX MAP n_gpoly_ulvt_p51 vargt(mkr_cfi_ncore_p51)
PEX MAP n_gpoly_lvt_p51 n_gpoly_nocg_lvt(mkr_cfi_ncore_p51)
PEX MARKER mkr_cfi_p_srm_mp CF
PEX MAP p_gpoly_srm_mp pgate_pu_8tsr_mac(mkr_cfi_p_srm_mp)
PEX MAP p_gpoly_srm_mp pgate_pu_hc8tsr_mac(mkr_cfi_p_srm_mp)
PEX MAP p_gpoly_srm_mp pgate_pu_10tsr_mac(mkr_cfi_p_srm_mp)
PEX MAP p_gpoly_srm_mp pgate_pu_dpsr_mac(mkr_cfi_p_srm_mp)
PEX MAP p_gpoly_srm_mp p_gpoly_srm(mkr_cfi_p_srm_mp)
PEX MAP p_gpoly_srm_mp pgate_pu_ulvtll10tsr_mac(mkr_cfi_p_srm_mp)
PEX MAP p_gpoly_srm_mp pgate_pu_ulvtll8tsr_mac(mkr_cfi_p_srm_mp)
PEX MAP p_gpoly_srm_mp pgate_pu_ulvtllhc8tsr_mac(mkr_cfi_p_srm_mp)
PEX MARKER mkr_cfi_p_srm_sp CF
PEX MAP p_gpoly_srm pgate_pu_hdsr_mac(mkr_cfi_p_srm_sp)
PEX MAP p_gpoly_srm pgate_pu_hcsr_mac(mkr_cfi_p_srm_sp)
PEX MAP p_gpoly_srm pgate_pu_hshcsr_mac(mkr_cfi_p_srm_sp)
PEX MAP p_gpoly_srm p_gpoly_srm(mkr_cfi_p_srm_sp)
PEX MARKER mkr_cfi_pcore_fb8b_fb9b CF
PEX MAP p_gpoly_svt_fb8b_fb9b p_gpoly_svt(mkr_cfi_pcore_fb8b_fb9b)
PEX MAP p_gpoly_svt_fb8b_fb9b pch_svt_mac_gate(mkr_cfi_pcore_fb8b_fb9b)
PEX MAP p_gpoly_svt_fb8b_fb9b pch_mpodesvt_mac_gate(mkr_cfi_pcore_fb8b_fb9b)
PEX MAP p_pode_svt_fb8b_fb9b p_pode_svt(mkr_cfi_pcore_fb8b_fb9b)
PEX MAP p_pode_svt_fb8b_fb9b ppode_svt_mac_gate(mkr_cfi_pcore_fb8b_fb9b)
PEX MAP p_gpoly_lvt_fb8b_fb9b p_gpoly_lvt(mkr_cfi_pcore_fb8b_fb9b)
PEX MAP p_gpoly_lvt_fb8b_fb9b pch_lvt_mac_gate(mkr_cfi_pcore_fb8b_fb9b)
PEX MAP p_gpoly_lvt_fb8b_fb9b pch_mpodelvt_mac_gate(mkr_cfi_pcore_fb8b_fb9b)
PEX MAP p_pode_lvt_fb8b_fb9b p_pode_lvt(mkr_cfi_pcore_fb8b_fb9b)
PEX MAP p_pode_lvt_fb8b_fb9b ppode_lvt_mac_gate(mkr_cfi_pcore_fb8b_fb9b)
PEX MAP p_gpoly_lvt_fb8b_fb9b pch_eflvt_mac_gate(mkr_cfi_pcore_fb8b_fb9b)
PEX MAP p_pode_lvt_fb8b_fb9b ppode_eflvt_mac_gate(mkr_cfi_pcore_fb8b_fb9b)
PEX MAP p_gpoly_svt_fb8b_fb9b pch_efsvt_mac_gate(mkr_cfi_pcore_fb8b_fb9b)
PEX MAP p_pode_svt_fb8b_fb9b ppode_efsvt_mac_gate(mkr_cfi_pcore_fb8b_fb9b)
PEX MAP p_gpoly_lvt_fb8b_fb9b p_gpoly_lvtll(mkr_cfi_pcore_fb8b_fb9b)
PEX MAP p_gpoly_lvt_fb8b_fb9b pch_lvtll_mac_gate(mkr_cfi_pcore_fb8b_fb9b)
PEX MAP p_gpoly_lvt_fb8b_fb9b pch_mpodelvtll_mac_gate(mkr_cfi_pcore_fb8b_fb9b)
PEX MAP p_pode_lvt_fb8b_fb9b p_pode_lvtll(mkr_cfi_pcore_fb8b_fb9b)
PEX MAP p_pode_lvt_fb8b_fb9b ppode_lvtll_mac_gate(mkr_cfi_pcore_fb8b_fb9b)
PEX MAP p_gpoly_ulvt_fb8b_fb9b p_gpoly_ulvt(mkr_cfi_pcore_fb8b_fb9b)
PEX MAP p_gpoly_ulvt_fb8b_fb9b pch_ulvt_mac_gate(mkr_cfi_pcore_fb8b_fb9b)
PEX MAP p_gpoly_ulvt_fb8b_fb9b pch_mpodeulvt_mac_gate(mkr_cfi_pcore_fb8b_fb9b)
PEX MAP p_pode_ulvt_fb8b_fb9b p_pode_ulvt(mkr_cfi_pcore_fb8b_fb9b)
PEX MAP p_pode_ulvt_fb8b_fb9b ppode_ulvt_mac_gate(mkr_cfi_pcore_fb8b_fb9b)
PEX MAP p_gpoly_ulvt_fb8b_fb9b p_gpoly_ulvtll(mkr_cfi_pcore_fb8b_fb9b)
PEX MAP p_gpoly_ulvt_fb8b_fb9b pch_ulvtll_mac_gate(mkr_cfi_pcore_fb8b_fb9b)
PEX MAP p_gpoly_ulvt_fb8b_fb9b pch_mpodeulvtll_mac_gate(mkr_cfi_pcore_fb8b_fb9b)
PEX MAP p_pode_ulvt_fb8b_fb9b p_pode_ulvtll(mkr_cfi_pcore_fb8b_fb9b)
PEX MAP p_pode_ulvt_fb8b_fb9b ppode_ulvtll_mac_gate(mkr_cfi_pcore_fb8b_fb9b)
PEX MAP p_gpoly_ulvt_fb8b_fb9b p_gpoly_elvt(mkr_cfi_pcore_fb8b_fb9b)
PEX MAP p_gpoly_ulvt_fb8b_fb9b pch_elvt_mac_gate(mkr_cfi_pcore_fb8b_fb9b)
PEX MAP p_gpoly_ulvt_fb8b_fb9b pch_mpodeelvt_mac_gate(mkr_cfi_pcore_fb8b_fb9b)
PEX MAP p_pode_ulvt_fb8b_fb9b p_pode_elvt(mkr_cfi_pcore_fb8b_fb9b)
PEX MAP p_pode_ulvt_fb8b_fb9b ppode_elvt_mac_gate(mkr_cfi_pcore_fb8b_fb9b)
PEX MAP p_gpoly_lvt_fb8b_fb9b p_gpoly_nocg_lvt(mkr_cfi_pcore_fb8b_fb9b)
PEX MARKER mkr_cfi_pcore_fb8c CF
PEX MAP p_gpoly_svt_fb8c p_gpoly_svt(mkr_cfi_pcore_fb8c)
PEX MAP p_gpoly_svt_fb8c pch_svt_mac_gate(mkr_cfi_pcore_fb8c)
PEX MAP p_gpoly_svt_fb8c pch_mpodesvt_mac_gate(mkr_cfi_pcore_fb8c)
PEX MAP p_pode_svt_fb8c p_pode_svt(mkr_cfi_pcore_fb8c)
PEX MAP p_pode_svt_fb8c ppode_svt_mac_gate(mkr_cfi_pcore_fb8c)
PEX MAP p_gpoly_lvt_fb8c p_gpoly_lvt(mkr_cfi_pcore_fb8c)
PEX MAP p_gpoly_lvt_fb8c pch_lvt_mac_gate(mkr_cfi_pcore_fb8c)
PEX MAP p_gpoly_lvt_fb8c pch_mpodelvt_mac_gate(mkr_cfi_pcore_fb8c)
PEX MAP p_pode_lvt_fb8c p_pode_lvt(mkr_cfi_pcore_fb8c)
PEX MAP p_pode_lvt_fb8c ppode_lvt_mac_gate(mkr_cfi_pcore_fb8c)
PEX MAP p_gpoly_lvt_fb8c pch_eflvt_mac_gate(mkr_cfi_pcore_fb8c)
PEX MAP p_pode_lvt_fb8c ppode_eflvt_mac_gate(mkr_cfi_pcore_fb8c)
PEX MAP p_gpoly_svt_fb8c pch_efsvt_mac_gate(mkr_cfi_pcore_fb8c)
PEX MAP p_pode_svt_fb8c ppode_efsvt_mac_gate(mkr_cfi_pcore_fb8c)
PEX MAP p_gpoly_lvt_fb8c p_gpoly_lvtll(mkr_cfi_pcore_fb8c)
PEX MAP p_gpoly_lvt_fb8c pch_lvtll_mac_gate(mkr_cfi_pcore_fb8c)
PEX MAP p_gpoly_lvt_fb8c pch_mpodelvtll_mac_gate(mkr_cfi_pcore_fb8c)
PEX MAP p_pode_lvt_fb8c p_pode_lvtll(mkr_cfi_pcore_fb8c)
PEX MAP p_pode_lvt_fb8c ppode_lvtll_mac_gate(mkr_cfi_pcore_fb8c)
PEX MAP p_gpoly_ulvt_fb8c p_gpoly_ulvt(mkr_cfi_pcore_fb8c)
PEX MAP p_gpoly_ulvt_fb8c pch_ulvt_mac_gate(mkr_cfi_pcore_fb8c)
PEX MAP p_gpoly_ulvt_fb8c pch_mpodeulvt_mac_gate(mkr_cfi_pcore_fb8c)
PEX MAP p_pode_ulvt_fb8c p_pode_ulvt(mkr_cfi_pcore_fb8c)
PEX MAP p_pode_ulvt_fb8c ppode_ulvt_mac_gate(mkr_cfi_pcore_fb8c)
PEX MAP p_gpoly_ulvt_fb8c p_gpoly_ulvtll(mkr_cfi_pcore_fb8c)
PEX MAP p_gpoly_ulvt_fb8c pch_ulvtll_mac_gate(mkr_cfi_pcore_fb8c)
PEX MAP p_gpoly_ulvt_fb8c pch_mpodeulvtll_mac_gate(mkr_cfi_pcore_fb8c)
PEX MAP p_pode_ulvt_fb8c p_pode_ulvtll(mkr_cfi_pcore_fb8c)
PEX MAP p_pode_ulvt_fb8c ppode_ulvtll_mac_gate(mkr_cfi_pcore_fb8c)
PEX MAP p_gpoly_ulvt_fb8c p_gpoly_elvt(mkr_cfi_pcore_fb8c)
PEX MAP p_gpoly_ulvt_fb8c pch_elvt_mac_gate(mkr_cfi_pcore_fb8c)
PEX MAP p_gpoly_ulvt_fb8c pch_mpodeelvt_mac_gate(mkr_cfi_pcore_fb8c)
PEX MAP p_pode_ulvt_fb8c p_pode_elvt(mkr_cfi_pcore_fb8c)
PEX MAP p_pode_ulvt_fb8c ppode_elvt_mac_gate(mkr_cfi_pcore_fb8c)
PEX MAP p_gpoly_lvt_fb8c p_gpoly_nocg_lvt(mkr_cfi_pcore_fb8c)
PEX MARKER mkr_cfi_pcore_fb9a CF
PEX MAP p_gpoly_svt_fb9a p_gpoly_svt(mkr_cfi_pcore_fb9a)
PEX MAP p_gpoly_svt_fb9a pch_svt_mac_gate(mkr_cfi_pcore_fb9a)
PEX MAP p_gpoly_svt_fb9a pch_mpodesvt_mac_gate(mkr_cfi_pcore_fb9a)
PEX MAP p_pode_svt_fb9a p_pode_svt(mkr_cfi_pcore_fb9a)
PEX MAP p_pode_svt_fb9a ppode_svt_mac_gate(mkr_cfi_pcore_fb9a)
PEX MAP p_gpoly_lvt_fb9a p_gpoly_lvt(mkr_cfi_pcore_fb9a)
PEX MAP p_gpoly_lvt_fb9a pch_lvt_mac_gate(mkr_cfi_pcore_fb9a)
PEX MAP p_gpoly_lvt_fb9a pch_mpodelvt_mac_gate(mkr_cfi_pcore_fb9a)
PEX MAP p_pode_lvt_fb9a p_pode_lvt(mkr_cfi_pcore_fb9a)
PEX MAP p_pode_lvt_fb9a ppode_lvt_mac_gate(mkr_cfi_pcore_fb9a)
PEX MAP p_gpoly_lvt_fb9a pch_eflvt_mac_gate(mkr_cfi_pcore_fb9a)
PEX MAP p_pode_lvt_fb9a ppode_eflvt_mac_gate(mkr_cfi_pcore_fb9a)
PEX MAP p_gpoly_svt_fb9a pch_efsvt_mac_gate(mkr_cfi_pcore_fb9a)
PEX MAP p_pode_svt_fb9a ppode_efsvt_mac_gate(mkr_cfi_pcore_fb9a)
PEX MAP p_gpoly_lvt_fb9a p_gpoly_lvtll(mkr_cfi_pcore_fb9a)
PEX MAP p_gpoly_lvt_fb9a pch_lvtll_mac_gate(mkr_cfi_pcore_fb9a)
PEX MAP p_gpoly_lvt_fb9a pch_mpodelvtll_mac_gate(mkr_cfi_pcore_fb9a)
PEX MAP p_pode_lvt_fb9a p_pode_lvtll(mkr_cfi_pcore_fb9a)
PEX MAP p_pode_lvt_fb9a ppode_lvtll_mac_gate(mkr_cfi_pcore_fb9a)
PEX MAP p_gpoly_ulvt_fb9a p_gpoly_ulvt(mkr_cfi_pcore_fb9a)
PEX MAP p_gpoly_ulvt_fb9a pch_ulvt_mac_gate(mkr_cfi_pcore_fb9a)
PEX MAP p_gpoly_ulvt_fb9a pch_mpodeulvt_mac_gate(mkr_cfi_pcore_fb9a)
PEX MAP p_pode_ulvt_fb9a p_pode_ulvt(mkr_cfi_pcore_fb9a)
PEX MAP p_pode_ulvt_fb9a ppode_ulvt_mac_gate(mkr_cfi_pcore_fb9a)
PEX MAP p_gpoly_ulvt_fb9a p_gpoly_ulvtll(mkr_cfi_pcore_fb9a)
PEX MAP p_gpoly_ulvt_fb9a pch_ulvtll_mac_gate(mkr_cfi_pcore_fb9a)
PEX MAP p_gpoly_ulvt_fb9a pch_mpodeulvtll_mac_gate(mkr_cfi_pcore_fb9a)
PEX MAP p_pode_ulvt_fb9a p_pode_ulvtll(mkr_cfi_pcore_fb9a)
PEX MAP p_pode_ulvt_fb9a ppode_ulvtll_mac_gate(mkr_cfi_pcore_fb9a)
PEX MAP p_gpoly_ulvt_fb9a p_gpoly_elvt(mkr_cfi_pcore_fb9a)
PEX MAP p_gpoly_ulvt_fb9a pch_elvt_mac_gate(mkr_cfi_pcore_fb9a)
PEX MAP p_gpoly_ulvt_fb9a pch_mpodeelvt_mac_gate(mkr_cfi_pcore_fb9a)
PEX MAP p_pode_ulvt_fb9a p_pode_elvt(mkr_cfi_pcore_fb9a)
PEX MAP p_pode_ulvt_fb9a ppode_elvt_mac_gate(mkr_cfi_pcore_fb9a)
PEX MAP p_gpoly_lvt_fb9a p_gpoly_nocg_lvt(mkr_cfi_pcore_fb9a)
PEX MARKER mkr_cfi_pcore_others CF
PEX MAP p_gpoly_svt p_gpoly_svt(mkr_cfi_pcore_others)
PEX MAP p_gpoly_svt pch_svt_mac_gate(mkr_cfi_pcore_others)
PEX MAP p_gpoly_svt pch_mpodesvt_mac_gate(mkr_cfi_pcore_others)
PEX MAP p_pode_svt p_pode_svt(mkr_cfi_pcore_others)
PEX MAP p_pode_svt ppode_svt_mac_gate(mkr_cfi_pcore_others)
PEX MAP p_gpoly_lvt p_gpoly_lvt(mkr_cfi_pcore_others)
PEX MAP p_gpoly_lvt pch_lvt_mac_gate(mkr_cfi_pcore_others)
PEX MAP p_gpoly_lvt pch_mpodelvt_mac_gate(mkr_cfi_pcore_others)
PEX MAP p_pode_lvt p_pode_lvt(mkr_cfi_pcore_others)
PEX MAP p_pode_lvt ppode_lvt_mac_gate(mkr_cfi_pcore_others)
PEX MAP p_gpoly_lvt pch_eflvt_mac_gate(mkr_cfi_pcore_others)
PEX MAP p_pode_lvt ppode_eflvt_mac_gate(mkr_cfi_pcore_others)
PEX MAP p_gpoly_svt pch_efsvt_mac_gate(mkr_cfi_pcore_others)
PEX MAP p_pode_svt ppode_efsvt_mac_gate(mkr_cfi_pcore_others)
PEX MAP p_gpoly_lvt p_gpoly_lvtll(mkr_cfi_pcore_others)
PEX MAP p_gpoly_lvt pch_lvtll_mac_gate(mkr_cfi_pcore_others)
PEX MAP p_gpoly_lvt pch_mpodelvtll_mac_gate(mkr_cfi_pcore_others)
PEX MAP p_pode_lvt p_pode_lvtll(mkr_cfi_pcore_others)
PEX MAP p_pode_lvt ppode_lvtll_mac_gate(mkr_cfi_pcore_others)
PEX MAP p_gpoly_ulvt p_gpoly_ulvt(mkr_cfi_pcore_others)
PEX MAP p_gpoly_ulvt pch_ulvt_mac_gate(mkr_cfi_pcore_others)
PEX MAP p_gpoly_ulvt pch_mpodeulvt_mac_gate(mkr_cfi_pcore_others)
PEX MAP p_pode_ulvt p_pode_ulvt(mkr_cfi_pcore_others)
PEX MAP p_pode_ulvt ppode_ulvt_mac_gate(mkr_cfi_pcore_others)
PEX MAP p_gpoly_ulvt p_gpoly_ulvtll(mkr_cfi_pcore_others)
PEX MAP p_gpoly_ulvt pch_ulvtll_mac_gate(mkr_cfi_pcore_others)
PEX MAP p_gpoly_ulvt pch_mpodeulvtll_mac_gate(mkr_cfi_pcore_others)
PEX MAP p_pode_ulvt p_pode_ulvtll(mkr_cfi_pcore_others)
PEX MAP p_pode_ulvt ppode_ulvtll_mac_gate(mkr_cfi_pcore_others)
PEX MAP p_gpoly_ulvt p_gpoly_elvt(mkr_cfi_pcore_others)
PEX MAP p_gpoly_ulvt pch_elvt_mac_gate(mkr_cfi_pcore_others)
PEX MAP p_gpoly_ulvt pch_mpodeelvt_mac_gate(mkr_cfi_pcore_others)
PEX MAP p_pode_ulvt p_pode_elvt(mkr_cfi_pcore_others)
PEX MAP p_pode_ulvt ppode_elvt_mac_gate(mkr_cfi_pcore_others)
PEX MAP p_gpoly_lvt p_gpoly_nocg_lvt(mkr_cfi_pcore_others)
PEX MARKER mkr_cfi_pcore_p51 CF
PEX MAP p_gpoly_svt_p51 p_gpoly_svt(mkr_cfi_pcore_p51)
PEX MAP p_gpoly_svt_p51 pch_svt_mac_gate(mkr_cfi_pcore_p51)
PEX MAP p_gpoly_svt_p51 pch_mpodesvt_mac_gate(mkr_cfi_pcore_p51)
PEX MAP p_pode_svt_p51 p_pode_svt(mkr_cfi_pcore_p51)
PEX MAP p_pode_svt_p51 ppode_svt_mac_gate(mkr_cfi_pcore_p51)
PEX MAP p_gpoly_lvt_p51 p_gpoly_lvt(mkr_cfi_pcore_p51)
PEX MAP p_gpoly_lvt_p51 pch_lvt_mac_gate(mkr_cfi_pcore_p51)
PEX MAP p_gpoly_lvt_p51 pch_mpodelvt_mac_gate(mkr_cfi_pcore_p51)
PEX MAP p_pode_lvt_p51 p_pode_lvt(mkr_cfi_pcore_p51)
PEX MAP p_pode_lvt_p51 ppode_lvt_mac_gate(mkr_cfi_pcore_p51)
PEX MAP p_gpoly_lvt_p51 pch_eflvt_mac_gate(mkr_cfi_pcore_p51)
PEX MAP p_pode_lvt_p51 ppode_eflvt_mac_gate(mkr_cfi_pcore_p51)
PEX MAP p_gpoly_svt_p51 pch_efsvt_mac_gate(mkr_cfi_pcore_p51)
PEX MAP p_pode_svt_p51 ppode_efsvt_mac_gate(mkr_cfi_pcore_p51)
PEX MAP p_gpoly_lvt_p51 p_gpoly_lvtll(mkr_cfi_pcore_p51)
PEX MAP p_gpoly_lvt_p51 pch_lvtll_mac_gate(mkr_cfi_pcore_p51)
PEX MAP p_gpoly_lvt_p51 pch_mpodelvtll_mac_gate(mkr_cfi_pcore_p51)
PEX MAP p_pode_lvt_p51 p_pode_lvtll(mkr_cfi_pcore_p51)
PEX MAP p_pode_lvt_p51 ppode_lvtll_mac_gate(mkr_cfi_pcore_p51)
PEX MAP p_gpoly_ulvt_p51 p_gpoly_ulvt(mkr_cfi_pcore_p51)
PEX MAP p_gpoly_ulvt_p51 pch_ulvt_mac_gate(mkr_cfi_pcore_p51)
PEX MAP p_gpoly_ulvt_p51 pch_mpodeulvt_mac_gate(mkr_cfi_pcore_p51)
PEX MAP p_pode_ulvt_p51 p_pode_ulvt(mkr_cfi_pcore_p51)
PEX MAP p_pode_ulvt_p51 ppode_ulvt_mac_gate(mkr_cfi_pcore_p51)
PEX MAP p_gpoly_ulvt_p51 p_gpoly_ulvtll(mkr_cfi_pcore_p51)
PEX MAP p_gpoly_ulvt_p51 pch_ulvtll_mac_gate(mkr_cfi_pcore_p51)
PEX MAP p_gpoly_ulvt_p51 pch_mpodeulvtll_mac_gate(mkr_cfi_pcore_p51)
PEX MAP p_pode_ulvt_p51 p_pode_ulvtll(mkr_cfi_pcore_p51)
PEX MAP p_pode_ulvt_p51 ppode_ulvtll_mac_gate(mkr_cfi_pcore_p51)
PEX MAP p_gpoly_ulvt_p51 p_gpoly_elvt(mkr_cfi_pcore_p51)
PEX MAP p_gpoly_ulvt_p51 pch_elvt_mac_gate(mkr_cfi_pcore_p51)
PEX MAP p_gpoly_ulvt_p51 pch_mpodeelvt_mac_gate(mkr_cfi_pcore_p51)
PEX MAP p_pode_ulvt_p51 p_pode_elvt(mkr_cfi_pcore_p51)
PEX MAP p_pode_ulvt_p51 ppode_elvt_mac_gate(mkr_cfi_pcore_p51)
PEX MAP p_gpoly_lvt_p51 p_gpoly_nocg_lvt(mkr_cfi_pcore_p51)
PEX REPLACE n_odtap n_odtap_cpp51_ext
PEX MAP n_odtap_cpp51 n_odtap_cpp51_ext
PEX REPLACE n_odtap n_odtap_ext
PEX MAP n_odtap n_odtap_ext
PEX REPLACE n_odtap n_odtap_fb6b_cpp45_ext
PEX MAP n_odtap_fb6b_cpp45 n_odtap_fb6b_cpp45_ext
PEX REPLACE n_odtap n_odtap_fb8b_cpp45_ext
PEX MAP n_odtap_fb8b_cpp45 n_odtap_fb8b_cpp45_ext
PEX REPLACE n_odtap n_odtap_fb8c_cpp45_ext
PEX MAP n_odtap_fb8c_cpp45 n_odtap_fb8c_cpp45_ext
PEX REPLACE n_odtap n_odtap_fb9b_ext
PEX MAP n_odtap_fb9b n_odtap_fb9b_ext
PEX REPLACE p_odtap p_odtap_cpp51_ext
PEX MAP p_odtap_cpp51 p_odtap_cpp51_ext
PEX REPLACE p_odtap p_odtap_ext
PEX MAP p_odtap p_odtap_ext
PEX REPLACE p_odtap p_odtap_fb6b_cpp45_ext
PEX MAP p_odtap_fb6b_cpp45 p_odtap_fb6b_cpp45_ext
PEX REPLACE p_odtap p_odtap_fb8b_cpp45_ext
PEX MAP p_odtap_fb8b_cpp45 p_odtap_fb8b_cpp45_ext
PEX REPLACE p_odtap p_odtap_fb8c_cpp45_ext
PEX MAP p_odtap_fb8c_cpp45 p_odtap_fb8c_cpp45_ext
PEX REPLACE p_odtap p_odtap_fb9b_ext
PEX MAP p_odtap_fb9b p_odtap_fb9b_ext
PEX MAP n_cpode n_cpode
PEX MAP p_cpode p_cpode
